window.addEventListener("load", function(){
  setTimeout(
      function open(event){
          document.querySelector(".popup").style.display = "block";
          document.querySelector(".overlay").style.visibility = "visible";
          
      },
      15500 
  )
});


document.querySelector("#close").addEventListener("click", function(){
  document.querySelector(".popup").style.display = "none";
  document.querySelector(".overlay").style.visibility = "hidden";
});

/* When the user clicks on the button, 
toggle between hiding and showing the dropdown content */
function myFunction() {
  document.getElementById("myDropdown").classList.toggle("show");
}

// Close the dropdown if the user clicks outside of it
window.onclick = function(event) {
  if (!event.target.matches('.dropbtn')) {
  var dropdowns = document.getElementsByClassName("dropdown-content");
  var i;
  for (i = 0; i < dropdowns.length; i++) {
      var openDropdown = dropdowns[i];
      if (openDropdown.classList.contains('show')) {
      openDropdown.classList.remove('show');
      }
  }
  }
}



var textarea = $('.term');
var speed = 50; //Writing speed in milliseconds
var text = 'sh breki_website.sh';

var i = 0;

runner();

function runner() {
  textarea.append(text.charAt(i));
  i++;
  setTimeout(
    function() {
      if (i < text.length)
        runner();
      else {
        textarea.append("<br>")
        i = 0;
        setTimeout(function() {feedbacker();}, 1000);
      }
    }, Math.floor(Math.random() * 220) + 50);
}

var count = 0;
var time = 2;
function feedbacker() {
  textarea.append("[    " + count / 1000 + "] " + output[i] + "<br>");
  if (time % 2 == 0) {
    i++;
    textarea.append("[    " + count / 1000 + "] " + output[i] + "<br>");
  }
  if (time == 3) {
    i++;
    textarea.append("[    " + count / 1000 + "] " + output[i] + "<br>");
    i++;
    textarea.append("[    " + count / 1000 + "] " + output[i] + "<br>");
    i++;
    textarea.append("[    " + count / 1000 + "] " + output[i] + "<br>");
  }
  window.scrollTo(0, document.body.scrollHeight);  
  i++;
  time = Math.floor(Math.random() * 4) + 1;
  count += time;
  setTimeout(
    function() {
      if (i < output.length - 2)
        feedbacker();
      else {
        textarea.append("<br>Initialising...<br>");
        setTimeout(function() {$(".load").fadeOut(1000);}, 500);
      }
    },time);
}

var output = ["CPU0 microcode updated early to revision 0x1b, date = 2014-05-29",
"Initializing cgroup subsys cpuset",
"Initializing cgroup subsys cpu",
"Initializing cgroup subsys cpuacct",
"Command line: BOOT_IMAGE=/vmlinuz-3.19.0-21-generic.efi.signed root=UUID=14ac372e-6980-4fe8-b247-fae92d54b0c5 ro quiet splash acpi_enforce_resources=lax intel_pstate=enable rcutree.rcu_idle_gp_delay=1 nouveau.runpm=0 vt.handoff=7",
"KERNEL supported cpus:",
"  Intel GenuineIntel",
"  AMD AuthenticAMD",
"  Centaur CentaurHauls",
"e820: BIOS-provided physical RAM map:",
"BIOS-e820: [mem 0x0000000000000000-0x000000000009dfff] usable",
"BIOS-e820: [mem 0x000000000009e000-0x000000000009ffff] reserved",
"BIOS-e820: [mem 0x0000000000100000-0x000000001fffffff] usable",
"BIOS-e820: [mem 0x0000000020000000-0x00000000201fffff] reserved",
"BIOS-e820: [mem 0x0000000020200000-0x0000000040003fff] usable",
"BIOS-e820: [mem 0x0000000040004000-0x0000000040004fff] reserved",
"BIOS-e820: [mem 0x0000000040005000-0x00000000c9746fff] usable",
"BIOS-e820: [mem 0x00000000c9747000-0x00000000c9d47fff] ACPI NVS",
"BIOS-e820: [mem 0x00000000c9d48000-0x00000000c9d4afff] type 20",
"BIOS-e820: [mem 0x00000000c9d4b000-0x00000000c9d60fff] usable",
"BIOS-e820: [mem 0x00000000c9d61000-0x00000000c9d66fff] type 20",
"BIOS-e820: [mem 0x00000000c9d67000-0x00000000c9d68fff] usable",
"BIOS-e820: [mem 0x00000000c9d69000-0x00000000c9d72fff] type 20",
"BIOS-e820: [mem 0x00000000c9d73000-0x00000000c9f06fff] usable",
"BIOS-e820: [mem 0x00000000c9f07000-0x00000000c9f0afff] type 20",
"BIOS-e820: [mem 0x00000000c9f0b000-0x00000000c9f53fff] usable",
"BIOS-e820: [mem 0x00000000c9f54000-0x00000000c9f5afff] type 20",
"BIOS-e820: [mem 0x00000000c9f5b000-0x00000000c9f67fff] reserved",
"BIOS-e820: [mem 0x00000000c9f68000-0x00000000c9f79fff] type 20",
"BIOS-e820: [mem 0x00000000c9f7a000-0x00000000c9f7cfff] usable",
"BIOS-e820: [mem 0x00000000c9f7d000-0x00000000c9f7efff] type 20",
"BIOS-e820: [mem 0x00000000c9f7f000-0x00000000c9f95fff] usable",
"BIOS-e820: [mem 0x00000000c9f96000-0x00000000c9f9bfff] type 20",
"BIOS-e820: [mem 0x00000000c9f9c000-0x00000000c9fa3fff] usable",
"BIOS-e820: [mem 0x00000000c9fa4000-0x00000000c9fa4fff] type 20",
"BIOS-e820: [mem 0x00000000c9fa5000-0x00000000c9fb3fff] usable",
"BIOS-e820: [mem 0x00000000c9fb4000-0x00000000c9fb4fff] type 20",
"BIOS-e820: [mem 0x00000000c9fb5000-0x00000000c9fbffff] usable",
"BIOS-e820: [mem 0x00000000c9fc0000-0x00000000c9fc4fff] type 20",
"BIOS-e820: [mem 0x00000000c9fc5000-0x00000000c9ff0fff] usable",
"BIOS-e820: [mem 0x00000000c9ff1000-0x00000000c9ff1fff] type 20",
"BIOS-e820: [mem 0x00000000c9ff2000-0x00000000ca001fff] usable",
"BIOS-e820: [mem 0x00000000ca002000-0x00000000ca028fff] type 20",
"BIOS-e820: [mem 0x00000000ca029000-0x00000000ca03cfff] usable",
"BIOS-e820: [mem 0x00000000ca03d000-0x00000000ca03dfff] type 20",
"BIOS-e820: [mem 0x00000000ca03e000-0x00000000ca03efff] usable",
"BIOS-e820: [mem 0x00000000ca03f000-0x00000000ca040fff] type 20",
"BIOS-e820: [mem 0x00000000ca041000-0x00000000ca041fff] usable",
"BIOS-e820: [mem 0x00000000ca042000-0x00000000ca046fff] type 20",
"BIOS-e820: [mem 0x00000000ca047000-0x00000000ca05dfff] usable",
"BIOS-e820: [mem 0x00000000ca05e000-0x00000000ca0bdfff] reserved",
"BIOS-e820: [mem 0x00000000ca0be000-0x00000000ca0d7fff] type 20",
"BIOS-e820: [mem 0x00000000ca0d8000-0x00000000ca601fff] reserved",
"BIOS-e820: [mem 0x00000000ca602000-0x00000000ca881fff] ACPI NVS",
"BIOS-e820: [mem 0x00000000ca882000-0x00000000ca886fff] ACPI data",
"BIOS-e820: [mem 0x00000000ca887000-0x00000000ca887fff] usable",
"BIOS-e820: [mem 0x00000000ca888000-0x00000000ca8cafff] ACPI NVS",
"BIOS-e820: [mem 0x00000000ca8cb000-0x00000000cacd7fff] usable",
"BIOS-e820: [mem 0x00000000cacd8000-0x00000000caff3fff] reserved",
"BIOS-e820: [mem 0x00000000caff4000-0x00000000caffffff] usable",
"BIOS-e820: [mem 0x00000000cbc00000-0x00000000cfdfffff] reserved",
"BIOS-e820: [mem 0x00000000f8000000-0x00000000fbffffff] reserved",
"BIOS-e820: [mem 0x00000000fec00000-0x00000000fec00fff] reserved",
"BIOS-e820: [mem 0x00000000fed00000-0x00000000fed03fff] reserved",
"BIOS-e820: [mem 0x00000000fed1c000-0x00000000fed1ffff] reserved",
"BIOS-e820: [mem 0x00000000fee00000-0x00000000fee00fff] reserved",
"BIOS-e820: [mem 0x00000000ff000000-0x00000000ffffffff] reserved",
"efi: mem37: [Runtime Data       |RUN|  |  |  |   |WB|WT|WC|UC] range=[0x00000000c9f5b000-0x00000000c9f68000) (0MB)",
"efi: mem38: [Runtime Code       |RUN|  |  |  |   |WB|WT|WC|UC] range=[0x00000000c9f68000-0x00000000c9f7a000) (0MB)",
"efi: mem39: [Boot Code          |   |  |  |  |   |WB|WT|WC|UC] range=[0x00000000c9f7a000-0x00000000c9f7d000) (0MB)",
"efi: mem40: [Runtime Code       |RUN|  |  |  |   |WB|WT|WC|UC] range=[0x00000000c9f7d000-0x00000000c9f7f000) (0MB)",
"efi: mem41: [Boot Code          |   |  |  |  |   |WB|WT|WC|UC] range=[0x00000000c9f7f000-0x00000000c9f96000) (0MB)",
"efi: mem42: [Runtime Code       |RUN|  |  |  |   |WB|WT|WC|UC] range=[0x00000000c9f96000-0x00000000c9f9c000) (0MB)",
"efi: mem43: [Boot Code          |   |  |  |  |   |WB|WT|WC|UC] range=[0x00000000c9f9c000-0x00000000c9fa4000) (0MB)",
"efi: mem44: [Runtime Code       |RUN|  |  |  |   |WB|WT|WC|UC] range=[0x00000000c9fa4000-0x00000000c9fa5000) (0MB)",
"efi: mem45: [Boot Code          |   |  |  |  |   |WB|WT|WC|UC] range=[0x00000000c9fa5000-0x00000000c9fb4000) (0MB)",
"efi: mem46: [Runtime Code       |RUN|  |  |  |   |WB|WT|WC|UC] range=[0x00000000c9fb4000-0x00000000c9fb5000) (0MB)",
"efi: mem47: [Boot Code          |   |  |  |  |   |WB|WT|WC|UC] range=[0x00000000c9fb5000-0x00000000c9fc0000) (0MB)",
"efi: mem48: [Runtime Code       |RUN|  |  |  |   |WB|WT|WC|UC] range=[0x00000000c9fc0000-0x00000000c9fc5000) (0MB)",
"efi: mem49: [Boot Code          |   |  |  |  |   |WB|WT|WC|UC] range=[0x00000000c9fc5000-0x00000000c9ff1000) (0MB)",
"efi: mem50: [Runtime Code       |RUN|  |  |  |   |WB|WT|WC|UC] range=[0x00000000c9ff1000-0x00000000c9ff2000) (0MB)",
"efi: mem51: [Boot Code          |   |  |  |  |   |WB|WT|WC|UC] range=[0x00000000c9ff2000-0x00000000ca002000) (0MB)",
"efi: mem52: [Runtime Code       |RUN|  |  |  |   |WB|WT|WC|UC] range=[0x00000000ca002000-0x00000000ca029000) (0MB)",
"efi: mem53: [Boot Code          |   |  |  |  |   |WB|WT|WC|UC] range=[0x00000000ca029000-0x00000000ca03d000) (0MB)",
"efi: mem54: [Runtime Code       |RUN|  |  |  |   |WB|WT|WC|UC] range=[0x00000000ca03d000-0x00000000ca03e000) (0MB)",
"efi: mem55: [Boot Code          |   |  |  |  |   |WB|WT|WC|UC] range=[0x00000000ca03e000-0x00000000ca03f000) (0MB)",
"efi: mem56: [Runtime Code       |RUN|  |  |  |   |WB|WT|WC|UC] range=[0x00000000ca03f000-0x00000000ca041000) (0MB)",
"efi: mem57: [Boot Code          |   |  |  |  |   |WB|WT|WC|UC] range=[0x00000000ca041000-0x00000000ca042000) (0MB)",
"efi: mem58: [Runtime Code       |RUN|  |  |  |   |WB|WT|WC|UC] range=[0x00000000ca042000-0x00000000ca047000) (0MB)",
"efi: mem59: [Boot Code          |   |  |  |  |   |WB|WT|WC|UC] range=[0x00000000ca047000-0x00000000ca05e000) (0MB)",
"efi: mem60: [Runtime Data       |RUN|  |  |  |   |WB|WT|WC|UC] range=[0x00000000ca05e000-0x00000000ca0be000) (0MB)",
"efi: mem61: [Runtime Code       |RUN|  |  |  |   |WB|WT|WC|UC] range=[0x00000000ca0be000-0x00000000ca0d8000) (0MB)",
"efi: mem62: [Runtime Data       |RUN|  |  |  |   |WB|WT|WC|UC] range=[0x00000000ca0d8000-0x00000000ca0dc000) (0MB)",
"efi: mem63: [Runtime Data       |RUN|  |  |  |   |WB|WT|WC|UC] range=[0x00000000ca0dc000-0x00000000ca102000) (0MB)",
"efi: mem64: [Reserved           |   |  |  |  |   |WB|WT|WC|UC] range=[0x00000000ca102000-0x00000000ca47a000) (3MB)",
"efi: mem65: [Reserved           |   |  |  |  |   |WB|WT|WC|UC] range=[0x00000000ca47a000-0x00000000ca602000) (1MB)",
"efi: mem66: [ACPI Memory NVS    |   |  |  |  |   |WB|WT|WC|UC] range=[0x00000000ca602000-0x00000000ca6b2000) (0MB)",
"efi: mem67: [ACPI Memory NVS    |   |  |  |  |   |WB|WT|WC|UC] range=[0x00000000ca6b2000-0x00000000ca86a000) (1MB)",
"efi: mem68: [ACPI Memory NVS    |   |  |  |  |   |WB|WT|WC|UC] range=[0x00000000ca86a000-0x00000000ca86c000) (0MB)",
"efi: mem69: [ACPI Memory NVS    |   |  |  |  |   |WB|WT|WC|UC] range=[0x00000000ca86c000-0x00000000ca882000) (0MB)",
"efi: mem70: [ACPI Reclaim Memory|   |  |  |  |   |WB|WT|WC|UC] range=[0x00000000ca882000-0x00000000ca887000) (0MB)",
"efi: mem71: [Boot Data          |   |  |  |  |   |WB|WT|WC|UC] range=[0x00000000ca887000-0x00000000ca888000) (0MB)",
"efi: mem72: [ACPI Memory NVS    |   |  |  |  |   |WB|WT|WC|UC] range=[0x00000000ca888000-0x00000000ca8cb000) (0MB)",
"efi: mem73: [Boot Data          |   |  |  |  |   |WB|WT|WC|UC] range=[0x00000000ca8cb000-0x00000000caa17000) (1MB)",
"efi: mem74: [Boot Code          |   |  |  |  |   |WB|WT|WC|UC] range=[0x00000000caa17000-0x00000000cacaf000) (2MB)",
"efi: mem75: [Boot Data          |   |  |  |  |   |WB|WT|WC|UC] range=[0x00000000cacaf000-0x00000000cacbf000) (0MB)",
"efi: mem76: [Boot Code          |   |  |  |  |   |WB|WT|WC|UC] range=[0x00000000cacbf000-0x00000000cacd1000) (0MB)",
"efi: mem77: [Boot Data          |   |  |  |  |   |WB|WT|WC|UC] range=[0x00000000cacd1000-0x00000000cacd8000) (0MB)",
"efi: mem78: [Runtime Data       |RUN|  |  |  |   |WB|WT|WC|UC] range=[0x00000000cacd8000-0x00000000caff4000) (3MB)",
"efi: mem79: [Boot Data          |   |  |  |  |   |WB|WT|WC|UC] range=[0x00000000caff4000-0x00000000cb000000) (0MB)",
"efi: mem80: [Conventional Memory|   |  |  |  |   |WB|WT|WC|UC] range=[0x0000000100000000-0x000000042f200000) (13042MB)",
"efi: mem81: [Reserved           |RUN|  |  |  |   |  |  |  |  ] range=[0x00000000cbc00000-0x00000000cfe00000) (66MB)",
"efi: mem82: [Memory Mapped I/O  |RUN|  |  |  |   |  |  |  |UC] range=[0x00000000f8000000-0x00000000fc000000) (64MB)",
"efi: mem83: [Memory Mapped I/O  |RUN|  |  |  |   |  |  |  |UC] range=[0x00000000fec00000-0x00000000fec01000) (0MB)",
"efi: mem84: [Memory Mapped I/O  |RUN|  |  |  |   |  |  |  |UC] range=[0x00000000fed00000-0x00000000fed04000) (0MB)",
"efi: mem85: [Memory Mapped I/O  |RUN|  |  |  |   |  |  |  |UC] range=[0x00000000fed1c000-0x00000000fed20000) (0MB)",
"efi: mem86: [Memory Mapped I/O  |RUN|  |  |  |   |  |  |  |UC] range=[0x00000000fee00000-0x00000000fee01000) (0MB)",
"efi: mem87: [Memory Mapped I/O  |RUN|  |  |  |   |  |  |  |UC] range=[0x00000000ff000000-0x0000000100000000) (16MB)",
"SMBIOS 2.7 present.",
"DMI: ASUSTeK COMPUTER INC. N56VZ/N56VZ, BIOS N56VZ.217 05/22/2013",
"e820: update [mem 0x00000000-0x00000fff] usable ==> reserved",
"e820: remove [mem 0x000a0000-0x000fffff] usable",
"AGP: No AGP bridge found",
"e820: last_pfn = 0x42f200 max_arch_pfn = 0x400000000",
"MTRR default type: uncachable",
"MTRR fixed ranges enabled:",
"  00000-9FFFF write-back",
"  A0000-DFFFF uncachable",
"  E0000-FFFFF write-protect",
"MTRR variable ranges enabled:",
" gran_size: 256M 	chunk_size: 512M 	num_reg: 5  	lose cover RAM: 430M",
" gran_size: 256M 	chunk_size: 1G 	num_reg: 6  	lose cover RAM: 430M",
" gran_size: 256M 	chunk_size: 2G 	num_reg: 7  	lose cover RAM: 430M",
" gran_size: 512M 	chunk_size: 512M 	num_reg: 5  	lose cover RAM: 430M",
" gran_size: 512M 	chunk_size: 1G 	num_reg: 6  	lose cover RAM: 430M",
" gran_size: 512M 	chunk_size: 2G 	num_reg: 7  	lose cover RAM: 430M",
" gran_size: 1G 	chunk_size: 1G 	num_reg: 4  	lose cover RAM: 942M",
" gran_size: 1G 	chunk_size: 2G 	num_reg: 4  	lose cover RAM: 942M",
" gran_size: 2G 	chunk_size: 2G 	num_reg: 3  	lose cover RAM: 1966M",
"mtrr_cleanup: can not find optimal value",
"please specify mtrr_gran_size/mtrr_chunk_size",
"e820: update [mem 0xcbc00000-0xffffffff] usable ==> reserved",
"e820: last_pfn = 0xcb000 max_arch_pfn = 0x400000000",
"Scanning 1 areas for low memory corruption",
"Base memory trampoline at [ffff880000098000] 98000 size 24576",
"init_memory_mapping: [mem 0x00000000-0x000fffff]",
" [mem 0x00000000-0x000fffff] page 4k",
"BRK [0x01fe5000, 0x01fe5fff] PGTABLE",
"BRK [0x01fe6000, 0x01fe6fff] PGTABLE",
"BRK [0x01fe7000, 0x01fe7fff] PGTABLE",
"init_memory_mapping: [mem 0x42f000000-0x42f1fffff]",
" [mem 0x42f000000-0x42f1fffff] page 2M",
"BRK [0x01fe8000, 0x01fe8fff] PGTABLE",
"init_memory_mapping: [mem 0x420000000-0x42effffff]",
" [mem 0x420000000-0x42effffff] page 2M",
"init_memory_mapping: [mem 0x400000000-0x41fffffff]",
" [mem 0x400000000-0x41fffffff] page 2M",
"init_memory_mapping: [mem 0x00100000-0x1fffffff]",
" [mem 0x00100000-0x001fffff] page 4k",
" [mem 0x00200000-0x1fffffff] page 2M",
"init_memory_mapping: [mem 0x20200000-0x40003fff]",
" [mem 0x20200000-0x3fffffff] page 2M",
" [mem 0x40000000-0x40003fff] page 4k",
"BRK [0x01fe9000, 0x01fe9fff] PGTABLE",
"BRK [0x01fea000, 0x01feafff] PGTABLE",
"init_memory_mapping: [mem 0x40005000-0xc9746fff]",
" [mem 0x40005000-0x401fffff] page 4k",
" [mem 0x40200000-0xc95fffff] page 2M",
" [mem 0xc9600000-0xc9746fff] page 4k",
"init_memory_mapping: [mem 0xc9d4b000-0xc9d60fff]",
" [mem 0xc9d4b000-0xc9d60fff] page 4k",
"init_memory_mapping: [mem 0xca03e000-0xca03efff]",
" [mem 0xca03e000-0xca03efff] page 4k",
"init_memory_mapping: [mem 0xca041000-0xca041fff]",
" [mem 0xca041000-0xca041fff] page 4k",
"init_memory_mapping: [mem 0xca047000-0xca05dfff]",
" [mem 0xca047000-0xca05dfff] page 4k",
"init_memory_mapping: [mem 0xca887000-0xca887fff]",
" [mem 0xca887000-0xca887fff] page 4k",
"init_memory_mapping: [mem 0xca8cb000-0xcacd7fff]",
" [mem 0xca8cb000-0xca9fffff] page 4k",
" [mem 0xcaa00000-0xcabfffff] page 2M",
" [mem 0xcac00000-0xcacd7fff] page 4k",
"init_memory_mapping: [mem 0xcaff4000-0xcaffffff]",
" [mem 0xcaff4000-0xcaffffff] page 4k",
"init_memory_mapping: [mem 0x100000000-0x3ffffffff]",
" [mem 0x100000000-0x3ffffffff] page 2M",
"RAMDISK: [mem 0x357f2000-0x36bf0fff]",
"ACPI: Early table checksum verification disabled",
"ACPI: RSDP 0x00000000CA852000 000024 (v02 _ASUS_)",
"ACPI: XSDT 0x00000000CA852080 000084 (v01 _ASUS_ Notebook 01072009 AMI  00010013)",
"ACPI: FACP 0x00000000CA865DF0 00010C (v05 _ASUS_ Notebook 01072009 AMI  00010013)",
"ACPI: DSDT 0x00000000CA852190 013C5A (v02 _ASUS_ Notebook 00000013 INTL 20091112)",
"ACPI: FACS 0x00000000CA87F080 000040",
"ACPI: APIC 0x00000000CA865F00 000092 (v03 _ASUS_ Notebook 01072009 AMI  00010013)",
"ACPI: FPDT 0x00000000CA865F98 000044 (v01 _ASUS_ Notebook 01072009 AMI  00010013)",
"ACPI: ECDT 0x00000000CA865FE0 0000C1 (v01 _ASUS_ Notebook 01072009 AMI. 00000005)",
"ACPI: MCFG 0x00000000CA8660A8 00003C (v01 _ASUS_ Notebook 01072009 MSFT 00000097)",
"ACPI: HPET 0x00000000CA8660E8 000038 (v01 _ASUS_ Notebook 01072009 AMI. 00000005)",
"ACPI: SSDT 0x00000000CA866120 000632 (v01 AhciR1 AhciTab1 00001000 INTL 20091112)",
"ACPI: SSDT 0x00000000CA866758 00049E (v01 AhciR2 AhciTab2 00001000 INTL 20091112)",
"ACPI: SSDT 0x00000000CA866BF8 00094C (v01 PmRef  Cpu0Ist  00003000 INTL 20051117)",
"ACPI: SSDT 0x00000000CA867548 000B18 (v01 PmRef  CpuPm    00003000 INTL 20051117)",
"ACPI: BGRT 0x00000000CA868060 000038 (v00 _ASUS_ Notebook 01072009 ASUS 00010013)",
"ACPI: MSDM 0x00000000CA601E18 000055 (v03 _ASUS_ Notebook 00000000 ASUS 00000001)",
"ACPI: Local APIC address 0xfee00000",
"No NUMA configuration found",
"Faking a node at [mem 0x0000000000000000-0x000000042f1fffff]",
"NODE_DATA(0) allocated [mem 0x42f1e6000-0x42f1eafff]",
" [ffffea0000000000-ffffea0010bfffff] PMD -> [ffff88041e800000-ffff88042e7fffff] on node 0",
"Zone ranges:",
"  DMA      [mem 0x00001000-0x00ffffff]",
"  DMA32    [mem 0x01000000-0xffffffff]",
"  Normal   [mem 0x100000000-0x42f1fffff]",
"Movable zone start for each node",
"Early memory node ranges",
"  node   0: [mem 0x00001000-0x0009dfff]",
"  node   0: [mem 0x00100000-0x1fffffff]",
"  node   0: [mem 0x20200000-0x40003fff]",
"  node   0: [mem 0x40005000-0xc9746fff]",
"  node   0: [mem 0xc9d4b000-0xc9d60fff]",
"  node   0: [mem 0xc9d67000-0xc9d68fff]",
"  node   0: [mem 0xc9d73000-0xc9f06fff]",
"  node   0: [mem 0xc9f0b000-0xc9f53fff]",
"  node   0: [mem 0xc9f7a000-0xc9f7cfff]",
"  node   0: [mem 0xc9f7f000-0xc9f95fff]",
"  node   0: [mem 0xc9f9c000-0xc9fa3fff]",
"  node   0: [mem 0xc9fa5000-0xc9fb3fff]",
"  node   0: [mem 0xc9fb5000-0xc9fbffff]",
"  node   0: [mem 0xc9fc5000-0xc9ff0fff]",
"  node   0: [mem 0xc9ff2000-0xca001fff]",
"  node   0: [mem 0xca029000-0xca03cfff]",
"  node   0: [mem 0xca03e000-0xca03efff]",
"  node   0: [mem 0xca041000-0xca041fff]",
"PM: Registered nosave memory: [mem 0xfed00000-0xfed03fff]",
"PM: Registered nosave memory: [mem 0xfed04000-0xfed1bfff]",
"PM: Registered nosave memory: [mem 0xfed1c000-0xfed1ffff]",
"PM: Registered nosave memory: [mem 0xfed20000-0xfedfffff]",
"PM: Registered nosave memory: [mem 0xfee00000-0xfee00fff]",
"PM: Registered nosave memory: [mem 0xfee01000-0xfeffffff]",
"PM: Registered nosave memory: [mem 0xff000000-0xffffffff]",
"e820: [mem 0xcfe00000-0xf7ffffff] available for PCI devices",
"Booting paravirtualized kernel on bare hardware",
"setup_percpu: NR_CPUS:256 nr_cpumask_bits:256 nr_cpu_ids:8 nr_node_ids:1",
"PERCPU: Embedded 31 pages/cpu @ffff88042ee00000 s87040 r8192 d31744 u262144",
"NR_IRQS:16640 nr_irqs:488 16",
"	Offload RCU callbacks from all CPUs",
"	Offload RCU callbacks from CPUs: 0-7.",
"vt handoff: transparent VT on vt#7",
"Console: colour dummy device 80x25",
"console [tty0] enabled",
"hpet clockevent registered",
"tsc: Fast TSC calibration using PIT",
"tsc: Detected 2394.543 MHz processor",
"Calibrating delay loop (skipped), value calculated using timer frequency.. 4789.08 BogoMIPS (lpj=9578172)",
"pid_max: default: 32768 minimum: 301",
"ACPI: Core revision 20141107",
"ACPI: All ACPI Tables successfully acquired",
"Security Framework initialized",
"AppArmor: AppArmor initialized",
"Yama: becoming mindful.",
"Dentry cache hash table entries: 2097152 (order: 12, 16777216 bytes)",
"Inode-cache hash table entries: 1048576 (order: 11, 8388608 bytes)",
"Mount-cache hash table entries: 32768 (order: 6, 262144 bytes)",
"Mountpoint-cache hash table entries: 32768 (order: 6, 262144 bytes)",
"Initializing cgroup subsys memory",
"Initializing cgroup subsys devices",
"pci 0000:00:1f.2: [8086:1e03] type 00 class 0x010601",
"pci 0000:00:1f.2: reg 0x10: [io  0xf0b0-0xf0b7]",
"pci 0000:00:1f.2: reg 0x14: [io  0xf0a0-0xf0a3]",
"pci 0000:00:1f.2: reg 0x18: [io  0xf090-0xf097]",
"Key type big_key registered",
"Key type asymmetric registered",
"Asymmetric key parser 'x509' registered",
"Block layer SCSI generic (bsg) driver version 0.4 loaded (major 252)",
"io scheduler noop registered",
"io scheduler deadline registered (default)",
"io scheduler cfq registered",
"pci_hotplug: PCI Hot Plug PCI Core version: 0.5",
"pciehp: PCI Express Hot Plug Controller Driver version: 0.4",
"efifb: probing for efifb",
"efifb: framebuffer at 0xd0000000, mapped to 0xffffc90005c00000, using 8128k, total 8128k",
"efifb: mode is 1920x1080x32, linelength=7680, pages=1",
"efifb: scrolling: redraw",
"efifb: Truecolor: size=8:8:8:8, shift=24:16:8:0",
"Console: switching to colour frame buffer device 240x67",
"fb0: EFI VGA frame buffer device",
"intel_idle: MWAIT substates: 0x21120",
"intel_idle: v0.4 model 0x3A",
"intel_idle: lapic_timer_reliable_states 0xffffffff",
"ACPI: AC Adapter [AC0] (on-line)",
"input: Lid Switch as /devices/LNXSYSTM:00/LNXSYBUS:00/PNP0C0D:00/input/input0",
"ACPI: Lid Switch [LID]",
"input: Sleep Button as /devices/LNXSYSTM:00/LNXSYBUS:00/PNP0C0E:00/input/input1",
"ACPI: Sleep Button [SLPB]",
"input: Power Button as /devices/LNXSYSTM:00/LNXPWRBN:00/input/input2",
"ACPI: Power Button [PWRF]",
"thermal LNXTHERM:00: registered as thermal_zone0",
"ACPI: Thermal Zone [THRM] (68 C)",
"GHES: HEST is not enabled!",
"Serial: 8250/16550 driver, 32 ports, IRQ sharing enabled",
"Linux agpgart interface v0.103",
"brd: module loaded",
"loop: module loaded",
"libphy: Fixed MDIO Bus: probed",
"tun: Universal TUN/TAP device driver, 1.6",
"tun: (C) 1999-2004 Max Krasnyansky <maxk@qualcomm.com>",
"PPP generic driver version 2.4.2",
"xhci_hcd 0000:00:14.0: xHCI Host Controller",
"xhci_hcd 0000:00:14.0: new USB bus registered, assigned bus number 1",
"xhci_hcd 0000:00:14.0: cache line size of 64 is not supported",
"usb usb1: New USB device found, idVendor=1d6b, idProduct=0002",
"usb usb1: New USB device strings: Mfr=3, Product=2, SerialNumber=1",
"usb usb1: Product: xHCI Host Controller",
"usb usb1: Manufacturer: Linux 3.19.0-21-generic xhci-hcd",
"usb usb1: SerialNumber: 0000:00:14.0",
"hub 1-0:1.0: USB hub found",
"hub 1-0:1.0: 4 ports detected",
"xhci_hcd 0000:00:14.0: xHCI Host Controller",
"xhci_hcd 0000:00:14.0: new USB bus registered, assigned bus number 2",
"usb usb2: New USB device found, idVendor=1d6b, idProduct=0003",
"usb usb2: New USB device strings: Mfr=3, Product=2, SerialNumber=1",
"usb usb2: Product: xHCI Host Controller",
"usb usb2: Manufacturer: Linux 3.19.0-21-generic xhci-hcd",
"usb usb2: SerialNumber: 0000:00:14.0",
"hub 2-0:1.0: USB hub found",
"hub 2-0:1.0: 4 ports detected",
"ehci_hcd: USB 2.0 'Enhanced' Host Controller (EHCI) Driver",
"ehci-pci: EHCI PCI platform driver",
"ehci-pci 0000:00:1a.0: EHCI Host Controller",
"ehci-pci 0000:00:1a.0: new USB bus registered, assigned bus number 3",
"ehci-pci 0000:00:1a.0: debug port 2",
"ehci-pci 0000:00:1a.0: cache line size of 64 is not supported",
"ehci-pci 0000:00:1a.0: irq 16, io mem 0xf7a18000",
"ehci-pci 0000:00:1a.0: USB 2.0 started, EHCI 1.00",
"usb usb3: New USB device found, idVendor=1d6b, idProduct=0002",
"usb usb3: New USB device strings: Mfr=3, Product=2, SerialNumber=1",
"usb usb3: Product: EHCI Host Controller",
"usb usb3: Manufacturer: Linux 3.19.0-21-generic ehci_hcd",
"usb usb3: SerialNumber: 0000:00:1a.0",
"hub 3-0:1.0: USB hub found",
"hub 3-0:1.0: 2 ports detected",
"ehci-pci 0000:00:1d.0: EHCI Host Controller",
"ehci-pci 0000:00:1d.0: new USB bus registered, assigned bus number 4",
"ehci-pci 0000:00:1d.0: debug port 2",
"ehci-pci 0000:00:1d.0: cache line size of 64 is not supported",
"ehci-pci 0000:00:1d.0: irq 23, io mem 0xf7a17000",
"ehci-pci 0000:00:1d.0: USB 2.0 started, EHCI 1.00",
"usb usb4: New USB device found, idVendor=1d6b, idProduct=0002",
"usb usb4: New USB device strings: Mfr=3, Product=2, SerialNumber=1",
"usb usb4: Product: EHCI Host Controller",
"usb usb4: Manufacturer: Linux 3.19.0-21-generic ehci_hcd",
"usb usb4: SerialNumber: 0000:00:1d.0",
"hub 4-0:1.0: USB hub found",
"hub 4-0:1.0: 2 ports detected",
"input: AT Translated Set 2 keyboard as /devices/platform/i8042/serio0/input/input3",
"ACPI: Battery Slot [BAT0] (battery present)",
"Freeing unused kernel memory: 1408K (ffffffff81d36000 - ffffffff81e96000)",
"Write protecting the kernel read-only data: 12288k",
"Freeing unused kernel memory: 180K (ffff8800017d3000 - ffff880001800000)",
"Freeing unused kernel memory: 344K (ffff880001baa000 - ffff880001c00000)",
"random: systemd-udevd urandom read with 11 bits of entropy available",
"ahci 0000:00:1f.2: version 3.0",
"alx 0000:04:00.0 eth0: Qualcomm Atheros AR816x/AR817x Ethernet [60:a4:4c:71:63:bd]",
"ahci 0000:00:1f.2: AHCI 0001.0300 32 slots 6 ports 6 Gbps 0x5 impl SATA mode",
"ahci 0000:00:1f.2: flags: 64bit ncq pm led clo pio slum part ems apst ",
"scsi host0: ahci",
"scsi host1: ahci",
"scsi host2: ahci",
"scsi host3: ahci",
"scsi host4: ahci",
"scsi host5: ahci",
"ata1: SATA max UDMA/133 abar m2048@0xf7a16000 port 0xf7a16100 irq 26",
"ata2: DUMMY",
"ata3: SATA max UDMA/133 abar m2048@0xf7a16000 port 0xf7a16200 irq 26",
"ata4: DUMMY",
"ata5: DUMMY",
"ata6: DUMMY",
"usb 3-1: new high-speed USB device number 2 using ehci-pci",
"usb 4-1: new high-speed USB device number 2 using ehci-pci",
"usb 3-1: New USB device found, idVendor=8087, idProduct=0024",
"usb 3-1: New USB device strings: Mfr=0, Product=0, SerialNumber=0",
"hub 3-1:1.0: USB hub found",
"hub 3-1:1.0: 6 ports detected",
"usb 4-1: New USB device found, idVendor=8087, idProduct=0024",
"usb 4-1: New USB device strings: Mfr=0, Product=0, SerialNumber=0",
"hub 4-1:1.0: USB hub found",
"hub 4-1:1.0: 6 ports detected",
"ata1: SATA link up 6.0 Gbps (SStatus 133 SControl 300)",
"ata3: SATA link up 1.5 Gbps (SStatus 113 SControl 300)",
"ata1.00: ACPI cmd f5/00:00:00:00:00:a0 (SECURITY FREEZE LOCK) filtered out",
"ata1.00: ACPI cmd ef/10:06:00:00:00:a0 (SET FEATURES) succeeded",
"ata1.00: ACPI cmd ef/10:03:00:00:00:a0 (SET FEATURES) filtered out",
"ata1.00: ATA-9: M4-CT512M4SSD2, 070H, max UDMA/100",
"ata1.00: 1000215216 sectors, multi 16: LBA48 NCQ (depth 31/32), AA",
"ata1.00: ACPI cmd f5/00:00:00:00:00:a0 (SECURITY FREEZE LOCK) filtered out",
"ata1.00: ACPI cmd ef/10:06:00:00:00:a0 (SET FEATURES) succeeded",
"ata1.00: ACPI cmd ef/10:03:00:00:00:a0 (SET FEATURES) filtered out",
"ata3.00: ACPI cmd ef/10:06:00:00:00:a0 (SET FEATURES) succeeded",
"ata3.00: ACPI cmd ef/10:03:00:00:00:a0 (SET FEATURES) filtered out",
"ata1.00: configured for UDMA/100",
"scsi 0:0:0:0: Direct-Access     ATA      M4-CT512M4SSD2   070H PQ: 0 ANSI: 5",
"sd 0:0:0:0: [sda] 1000215216 512-byte logical blocks: (512 GB/476 GiB)",
"sd 0:0:0:0: Attached scsi generic sg0 type 0",
"sd 0:0:0:0: [sda] Write Protect is off",
"sd 0:0:0:0: [sda] Mode Sense: 00 3a 00 00",
"sd 0:0:0:0: [sda] Write cache: enabled, read cache: enabled, doesn't support DPO or FUA",
"ata3.00: ATAPI: MATSHITABD-CMB UJ160, 1.00, max UDMA/133",
" sda: sda1 sda2 sda4 sda5 sda7",
"sd 0:0:0:0: [sda] Attached SCSI disk",
"ata3.00: ACPI cmd ef/10:06:00:00:00:a0 (SET FEATURES) succeeded",
"ata3.00: ACPI cmd ef/10:03:00:00:00:a0 (SET FEATURES) filtered out",
"ata3.00: configured for UDMA/133",
"scsi 2:0:0:0: CD-ROM            MATSHITA BD-CMB UJ160     1.00 PQ: 0 ANSI: 5",
"sr 2:0:0:0: [sr0] scsi3-mmc drive: 24x/24x writer dvd-ram cd/rw xa/form2 cdda tray",
"cdrom: Uniform CD-ROM driver Revision: 3.20",
"sr 2:0:0:0: Attached scsi CD-ROM sr0",
"sr 2:0:0:0: Attached scsi generic sg1 type 5",
"EXT4-fs (sda4): INFO: recovery required on readonly filesystem",
"EXT4-fs (sda4): write access will be enabled during recovery",
"EXT4-fs (sda4): recovery complete",
"EXT4-fs (sda4): mounted filesystem with ordered data mode. Opts: (null)",
"usb 3-1.1: new full-speed USB device number 3 using ehci-pci",
"usb 3-1.1: New USB device found, idVendor=8087, idProduct=07da",
"usb 3-1.1: New USB device strings: Mfr=0, Product=0, SerialNumber=0",
"systemd[1]: RTC configured in localtime, applying delta of 480 minutes to system time.",
"systemd[1]: Inserted module 'autofs4'",
"usb 3-1.3: new high-speed USB device number 4 using ehci-pci",
"tsc: Refined TSC clocksource calibration: 2394.560 MHz",
"usb 3-1.3: New USB device found, idVendor=1bcf, idProduct=2883",
"usb 3-1.3: New USB device strings: Mfr=1, Product=2, SerialNumber=0",
"usb 3-1.3: Product: ASUS USB2.0 Webcam",
"usb 3-1.3: Manufacturer: 04G626000611BQ32E0008V1",
"psmouse serio4: elantech: assuming hardware version 4 (with firmware version 0x361f03)",
"psmouse serio4: elantech: Synaptics capabilities query result 0x10, 0x15, 0x0d.",
"input: ETPS/2 Elantech Touchpad as /devices/platform/i8042/serio4/input/input11",
"systemd[1]: systemd 219 running in system mode. (+PAM +AUDIT +SELINUX +IMA +APPARMOR +SMACK +SYSVINIT +UTMP +LIBCRYPTSETUP +GCRYPT -GNUTLS +ACL +XZ -LZ4 -SECCOMP +BLKID -ELFUTILS +KMOD -IDN)",
"systemd[1]: Detected architecture x86-64.",
"systemd[1]: Set hostname to <beezlebub>.",
"Switched to clocksource tsc",
"systemd[1]: Cannot add dependency job for unit docker.socket, ignoring: Unit docker.socket is masked.",
"systemd[1]: Reached target Encrypted Volumes.",
"systemd[1]: Starting Encrypted Volumes.",
"systemd[1]: Created slice Root Slice.",
"systemd[1]: Starting Root Slice.",
"systemd[1]: Created slice System Slice.",
"systemd[1]: Starting System Slice.",
"systemd[1]: Reached target Remote File Systems (Pre).",
"systemd[1]: Starting Remote File Systems (Pre).",
"systemd[1]: Started Forward Password Requests to Wall Directory Watch.",
"systemd[1]: Starting Forward Password Requests to Wall Directory Watch.",
"systemd[1]: Listening on fsck to fsckd communication Socket.",
"systemd[1]: Starting fsck to fsckd communication Socket.",
"systemd[1]: Listening on Journal Audit Socket.",
"systemd[1]: Starting Journal Audit Socket.",
"wmi: Mapper loaded",
"shpchp: Standard Hot Plug PCI Controller Driver version: 0.4",
"ACPI Warning: SystemIO range 0x0000000000000428-0x000000000000042f conflicts with OpRegion 0x0000000000000400-0x000000000000044f (\GPIS) (20141107/utaddress-258)",
"ACPI Warning: SystemIO range 0x0000000000000428-0x000000000000042f conflicts with OpRegion 0x0000000000000400-0x000000000000047f (\PMIO) (20141107/utaddress-258)",
"ACPI: This conflict may cause random problems and system instability",
"ACPI: If an ACPI driver is available for this device, you should use it instead of the native driver",
"ACPI Warning: SystemIO range 0x0000000000000540-0x000000000000054f conflicts with OpRegion 0x0000000000000500-0x000000000000057f (\GPIO) (20141107/utaddress-258)",
"ACPI Warning: SystemIO range 0x0000000000000540-0x000000000000054f conflicts with OpRegion 0x0000000000000500-0x0000000000000563 (\GP01) (20141107/utaddress-258)",
"ACPI: This conflict may cause random problems and system instability",
"ACPI: If an ACPI driver is available for this device, you should use it instead of the native driver",
"ACPI Warning: SystemIO range 0x0000000000000530-0x000000000000053f conflicts with OpRegion 0x0000000000000500-0x000000000000057f (\GPIO) (20141107/utaddress-258)",
"ACPI Warning: SystemIO range 0x0000000000000530-0x000000000000053f conflicts with OpRegion 0x0000000000000500-0x0000000000000563 (\GP01) (20141107/utaddress-258)",
"ACPI: This conflict may cause random problems and system instability",
"ACPI: If an ACPI driver is available for this device, you should use it instead of the native driver",
"ACPI Warning: SystemIO range 0x0000000000000500-0x000000000000052f conflicts with OpRegion 0x0000000000000500-0x000000000000057f (\GPIO) (20141107/utaddress-258)",
"ACPI Warning: SystemIO range 0x0000000000000500-0x000000000000052f conflicts with OpRegion 0x0000000000000500-0x0000000000000563 (\GP01) (20141107/utaddress-258)",
"ACPI: This conflict may cause random problems and system instability",
"ACPI: If an ACPI driver is available for this device, you should use it instead of the native driver",
"[drm] Initialized drm 1.1.0 20060810",
"cfg80211: Calling CRDA to update world regulatory domain",
"Ebtables v2.0 registered",
"bridge: automatic filtering via arp/ip/ip6tables has been deprecated. Update your scripts to load br_netfilter if you need this.",
"device virbr0-nic entered promiscuous mode",
"nf_conntrack version 0.5.0 (16384 buckets, 65536 max)",
"virbr0: port 1(virbr0-nic) entered listening state",
"virbr0: port 1(virbr0-nic) entered listening state",
"virbr0: port 1(virbr0-nic) entered disabled state",
"Initialising...", ""];

function styler(){

    document.querySelector(".displayornot").style.display = "initial";
    document.querySelector(".displayornot").style.opacity = "1";
    document.querySelector("all::-webkit-scrollbar").style.display = "initial";
    document.displayornot.style.padding = "2em 0em 1em 0em";
    
}

setTimeout(function () {
    styler();
}, 7800);
setTimeout(function () {
    document.getElementById("myDiv").style.padding = "2em 0em 1em 0em";
    scroll(0,0)
}, 8000);